// Jest Snapshot v1, https://goo.gl/fbAQLP

exports[`App should match the snapshot 1`] = `
ShallowWrapper {
  Symbol(enzyme.__root__): [Circular],
  Symbol(enzyme.__unrendered__): <App
    fetchRestaurants={[MockFunction]}
    setRestaurants={[MockFunction]}
  />,
  Symbol(enzyme.__renderer__): Object {
    "batchedUpdates": [Function],
    "checkPropTypes": [Function],
    "getNode": [Function],
    "render": [Function],
    "simulateError": [Function],
    "simulateEvent": [Function],
    "unmount": [Function],
  },
  Symbol(enzyme.__node__): Object {
    "instance": null,
    "key": undefined,
    "nodeType": "host",
    "props": Object {
      "children": Array [
        <div
          className="background-image"
        />,
        <div
          className="app-frame"
        />,
        <div
          className="App-content"
        >
          <Route
            component={
              Object {
                "$$typeof": Symbol(react.memo),
                "WrappedComponent": [Function],
                "compare": null,
                "displayName": "Connect(Form)",
                "type": [Function],
                Symbol(Symbol.hasInstance): [Function],
              }
            }
            exact={true}
            path="/"
          />
          <Route
            component={
              Object {
                "$$typeof": Symbol(react.memo),
                "WrappedComponent": [Function],
                "compare": null,
                "displayName": "Connect(CardContainer)",
                "type": [Function],
                Symbol(Symbol.hasInstance): [Function],
              }
            }
            exact={true}
            path="/locations"
          />
          <Route
            exact={true}
            path="/"
            render={[Function]}
          />
        </div>,
      ],
      "className": "App",
    },
    "ref": null,
    "rendered": Array [
      Object {
        "instance": null,
        "key": undefined,
        "nodeType": "host",
        "props": Object {
          "className": "background-image",
        },
        "ref": null,
        "rendered": null,
        "type": "div",
      },
      Object {
        "instance": null,
        "key": undefined,
        "nodeType": "host",
        "props": Object {
          "className": "app-frame",
        },
        "ref": null,
        "rendered": null,
        "type": "div",
      },
      Object {
        "instance": null,
        "key": undefined,
        "nodeType": "host",
        "props": Object {
          "children": Array [
            <Route
              component={
                Object {
                  "$$typeof": Symbol(react.memo),
                  "WrappedComponent": [Function],
                  "compare": null,
                  "displayName": "Connect(Form)",
                  "type": [Function],
                  Symbol(Symbol.hasInstance): [Function],
                }
              }
              exact={true}
              path="/"
            />,
            <Route
              component={
                Object {
                  "$$typeof": Symbol(react.memo),
                  "WrappedComponent": [Function],
                  "compare": null,
                  "displayName": "Connect(CardContainer)",
                  "type": [Function],
                  Symbol(Symbol.hasInstance): [Function],
                }
              }
              exact={true}
              path="/locations"
            />,
            <Route
              exact={true}
              path="/"
              render={[Function]}
            />,
          ],
          "className": "App-content",
        },
        "ref": null,
        "rendered": Array [
          Object {
            "instance": null,
            "key": undefined,
            "nodeType": "class",
            "props": Object {
              "component": Object {
                "$$typeof": Symbol(react.memo),
                "WrappedComponent": [Function],
                "compare": null,
                "displayName": "Connect(Form)",
                "type": [Function],
                Symbol(Symbol.hasInstance): [Function],
              },
              "exact": true,
              "path": "/",
            },
            "ref": null,
            "rendered": null,
            "type": [Function],
          },
          Object {
            "instance": null,
            "key": undefined,
            "nodeType": "class",
            "props": Object {
              "component": Object {
                "$$typeof": Symbol(react.memo),
                "WrappedComponent": [Function],
                "compare": null,
                "displayName": "Connect(CardContainer)",
                "type": [Function],
                Symbol(Symbol.hasInstance): [Function],
              },
              "exact": true,
              "path": "/locations",
            },
            "ref": null,
            "rendered": null,
            "type": [Function],
          },
          Object {
            "instance": null,
            "key": undefined,
            "nodeType": "class",
            "props": Object {
              "exact": true,
              "path": "/",
              "render": [Function],
            },
            "ref": null,
            "rendered": null,
            "type": [Function],
          },
        ],
        "type": "div",
      },
    ],
    "type": "div",
  },
  Symbol(enzyme.__nodes__): Array [
    Object {
      "instance": null,
      "key": undefined,
      "nodeType": "host",
      "props": Object {
        "children": Array [
          <div
            className="background-image"
          />,
          <div
            className="app-frame"
          />,
          <div
            className="App-content"
          >
            <Route
              component={
                Object {
                  "$$typeof": Symbol(react.memo),
                  "WrappedComponent": [Function],
                  "compare": null,
                  "displayName": "Connect(Form)",
                  "type": [Function],
                  Symbol(Symbol.hasInstance): [Function],
                }
              }
              exact={true}
              path="/"
            />
            <Route
              component={
                Object {
                  "$$typeof": Symbol(react.memo),
                  "WrappedComponent": [Function],
                  "compare": null,
                  "displayName": "Connect(CardContainer)",
                  "type": [Function],
                  Symbol(Symbol.hasInstance): [Function],
                }
              }
              exact={true}
              path="/locations"
            />
            <Route
              exact={true}
              path="/"
              render={[Function]}
            />
          </div>,
        ],
        "className": "App",
      },
      "ref": null,
      "rendered": Array [
        Object {
          "instance": null,
          "key": undefined,
          "nodeType": "host",
          "props": Object {
            "className": "background-image",
          },
          "ref": null,
          "rendered": null,
          "type": "div",
        },
        Object {
          "instance": null,
          "key": undefined,
          "nodeType": "host",
          "props": Object {
            "className": "app-frame",
          },
          "ref": null,
          "rendered": null,
          "type": "div",
        },
        Object {
          "instance": null,
          "key": undefined,
          "nodeType": "host",
          "props": Object {
            "children": Array [
              <Route
                component={
                  Object {
                    "$$typeof": Symbol(react.memo),
                    "WrappedComponent": [Function],
                    "compare": null,
                    "displayName": "Connect(Form)",
                    "type": [Function],
                    Symbol(Symbol.hasInstance): [Function],
                  }
                }
                exact={true}
                path="/"
              />,
              <Route
                component={
                  Object {
                    "$$typeof": Symbol(react.memo),
                    "WrappedComponent": [Function],
                    "compare": null,
                    "displayName": "Connect(CardContainer)",
                    "type": [Function],
                    Symbol(Symbol.hasInstance): [Function],
                  }
                }
                exact={true}
                path="/locations"
              />,
              <Route
                exact={true}
                path="/"
                render={[Function]}
              />,
            ],
            "className": "App-content",
          },
          "ref": null,
          "rendered": Array [
            Object {
              "instance": null,
              "key": undefined,
              "nodeType": "class",
              "props": Object {
                "component": Object {
                  "$$typeof": Symbol(react.memo),
                  "WrappedComponent": [Function],
                  "compare": null,
                  "displayName": "Connect(Form)",
                  "type": [Function],
                  Symbol(Symbol.hasInstance): [Function],
                },
                "exact": true,
                "path": "/",
              },
              "ref": null,
              "rendered": null,
              "type": [Function],
            },
            Object {
              "instance": null,
              "key": undefined,
              "nodeType": "class",
              "props": Object {
                "component": Object {
                  "$$typeof": Symbol(react.memo),
                  "WrappedComponent": [Function],
                  "compare": null,
                  "displayName": "Connect(CardContainer)",
                  "type": [Function],
                  Symbol(Symbol.hasInstance): [Function],
                },
                "exact": true,
                "path": "/locations",
              },
              "ref": null,
              "rendered": null,
              "type": [Function],
            },
            Object {
              "instance": null,
              "key": undefined,
              "nodeType": "class",
              "props": Object {
                "exact": true,
                "path": "/",
                "render": [Function],
              },
              "ref": null,
              "rendered": null,
              "type": [Function],
            },
          ],
          "type": "div",
        },
      ],
      "type": "div",
    },
  ],
  Symbol(enzyme.__options__): Object {
    "adapter": ReactSixteenAdapter {
      "options": Object {
        "enableComponentDidUpdateOnSetState": true,
        "legacyContextMode": "parent",
        "lifecycles": Object {
          "componentDidUpdate": Object {
            "onSetState": true,
          },
          "getChildContext": Object {
            "calledByRenderer": false,
          },
          "getDerivedStateFromError": true,
          "getDerivedStateFromProps": Object {
            "hasShouldComponentUpdateBug": false,
          },
          "getSnapshotBeforeUpdate": true,
          "setState": Object {
            "skipsComponentDidUpdateOnNullish": true,
          },
        },
      },
    },
  },
  Symbol(enzyme.__childContext__): null,
}
`;
